Microchip MPLAB XC8 Compiler V1.34 ()

Linker command line:

--edf=C:\Program Files (x86)\Microchip\xc8\v1.34\dat\en_msgs.txt -cs \
  -h+dist/default/debug\FT290R-Display.X.debug.sym \
  --cmf=dist/default/debug\FT290R-Display.X.debug.cmf -z -Q16LF1937 \
  -oC:\Users\wrm\AppData\Local\Temp\s4sk.6 \
  -Mdist/default/debug/FT290R-Display.X.debug.map -E1 -ver=XC8 \
  -ASTACK=02080h-021dfh -pstack=STACK -ACODE=00h-07FFhx4 \
  -ASTRCODE=00h-01FFFh -ASTRING=00h-0FFhx32 -ACONST=00h-0FFhx32 \
  -AENTRY=00h-0FFhx32 -ACOMMON=070h-07Fh -ABANK0=020h-06Fh \
  -ABANK1=0A0h-0EFh -ABANK2=0120h-016Fh -ABANK3=01A0h-01EFh \
  -ABANK4=0220h-026Fh -ABANK5=02A0h-02EFh -ABIGRAM=02000h-021DFh \
  -ARAM=020h-06Fh,0A0h-0EFh,0120h-016Fh,01A0h-01EFh,0220h-026Fh,02A0h-02EFh \
  -AABS1=020h-07Fh,0A0h-0EFh,0120h-016Fh,01A0h-01EFh,0220h-026Fh,02A0h-02EFh,0320h-032Fh \
  -ASFR0=00h-01Fh -ASFR1=080h-09Fh -ASFR2=0100h-011Fh -ASFR3=0180h-019Fh \
  -ASFR4=0200h-021Fh -ASFR5=0280h-029Fh -ASFR6=0300h-036Fh \
  -ASFR7=0380h-03EFh -ASFR8=0400h-046Fh -ASFR9=0480h-04EFh \
  -ASFR10=0500h-056Fh -ASFR11=0580h-05EFh -ASFR12=0600h-066Fh \
  -ASFR13=0680h-06EFh -ASFR14=0700h-076Fh -ASFR15=0780h-07EFh \
  -ASFR16=0800h-086Fh -ASFR17=0880h-08EFh -ASFR18=0900h-096Fh \
  -ASFR19=0980h-09EFh -ASFR20=0A00h-0A6Fh -ASFR21=0A80h-0AEFh \
  -ASFR22=0B00h-0B6Fh -ASFR23=0B80h-0BEFh -ASFR24=0C00h-0C6Fh \
  -ASFR25=0C80h-0CEFh -ASFR26=0D00h-0D6Fh -ASFR27=0D80h-0DEFh \
  -ASFR28=0E00h-0E6Fh -ASFR29=0E80h-0EEFh -ASFR30=0F00h-0F6Fh \
  -ASFR31=0F80h-0FEFh -preset_vec=00h,intentry=04h,init,end_init \
  -ppowerup=CODE -pcinit=CODE -pfunctab=CODE -ACONFIG=08007h-08008h \
  -pconfig=CONFIG -DCONFIG=2 -AIDLOC=08000h-08003h -pidloc=IDLOC -DIDLOC=2 \
  -AEEDATA=00h-0FFh/0F000h -peeprom_data=EEDATA -DEEDATA=2 -DCODE=2 \
  -DSTRCODE=2 -DSTRING=2 -DCONST=2 -DENTRY=2 -k \
  C:\Users\wrm\AppData\Local\Temp\s4sk.obj \
  dist/default/debug\FT290R-Display.X.debug.obj 

Object code version is 3.11

Machine type is 16LF1937



                Name                               Link     Load   Length Selector   Space Scale
C:\Users\wrm\AppData\Local\Temp\s4sk.obj
                end_init                            10A      10A        2        8       0
                reset_vec                             0        0        3        0       0
                config                             8007     8007        2    1000E       0
dist/default/debug\FT290R-Display.X.debug.obj
                cinit                               10C      10C        E        8       0
                intentry                              4        4      106        8       0
                text4                               A95      A95      56B     152A       0
                text2                               11A      11A      594        8       0
                text1                               7B9      7B9       23        8       0
                maintext                            6AE      6AE      10B        8       0
                cstackBANK0                          20       20       24       20       1
                cstackCOMMON                         70       70        9       70       1
                cstackBANK1                          A0       A0       30       A0       1
                clrtext                             7DC      7DC        6        8       0
                bssBANK0                             44       44        E       20       1
                bssCOMMON                            79       79        4       70       1

TOTAL           Name                               Link     Load   Length     Space
        CLASS   STACK          

        CLASS   CODE           
                end_init                            10A      10A        2         0
                cinit                               10C      10C        E         0
                intentry                              4        4      106         0
                reset_vec                             0        0        3         0
                text4                               A95      A95      56B         0
                text2                               11A      11A      594         0
                text1                               7B9      7B9       23         0
                maintext                            6AE      6AE      10B         0
                clrtext                             7DC      7DC        6         0

        CLASS   STRCODE        

        CLASS   STRING         

        CLASS   CONST          

        CLASS   ENTRY          

        CLASS   COMMON         
                cstackCOMMON                         70       70        9         1
                bssCOMMON                            79       79        4         1

        CLASS   BANK0          
                cstackBANK0                          20       20       24         1
                bssBANK0                             44       44        E         1

        CLASS   BANK1          
                cstackBANK1                          A0       A0       30         1

        CLASS   BANK2          

        CLASS   BANK3          

        CLASS   BANK4          

        CLASS   BANK5          

        CLASS   BIGRAM         

        CLASS   RAM            

        CLASS   ABS1           
                abs_s1                               7E       7E        2         1

        CLASS   SFR0           

        CLASS   SFR1           

        CLASS   SFR2           

        CLASS   SFR3           

        CLASS   SFR4           

        CLASS   SFR5           

        CLASS   SFR6           

        CLASS   SFR7           

        CLASS   SFR8           

        CLASS   SFR9           

        CLASS   SFR10          

        CLASS   SFR11          

        CLASS   SFR12          

        CLASS   SFR13          

        CLASS   SFR14          

        CLASS   SFR15          

        CLASS   SFR16          

        CLASS   SFR17          

        CLASS   SFR18          

        CLASS   SFR19          

        CLASS   SFR20          

        CLASS   SFR21          

        CLASS   SFR22          

        CLASS   SFR23          

        CLASS   SFR24          

        CLASS   SFR25          

        CLASS   SFR26          

        CLASS   SFR27          

        CLASS   SFR28          

        CLASS   SFR29          

        CLASS   SFR30          

        CLASS   SFR31          

        CLASS   CONFIG         
                config                             8007     8007        2         0

        CLASS   IDLOC          

        CLASS   EEDATA         

        CLASS   BANK31         

        CLASS   BANK30         

        CLASS   BANK29         

        CLASS   BANK28         

        CLASS   BANK27         

        CLASS   BANK26         

        CLASS   BANK25         

        CLASS   BANK24         

        CLASS   BANK23         

        CLASS   BANK22         

        CLASS   BANK21         

        CLASS   BANK20         

        CLASS   BANK19         

        CLASS   BANK18         

        CLASS   BANK17         

        CLASS   BANK16         

        CLASS   BANK15         

        CLASS   BANK14         

        CLASS   BANK13         

        CLASS   BANK12         

        CLASS   BANK11         

        CLASS   BANK10         

        CLASS   BANK9          

        CLASS   BANK8          

        CLASS   BANK7          

        CLASS   BANK6          



SEGMENTS        Name                           Load    Length   Top    Selector   Space  Class     Delta

                reset_vec                      000000  000003  000003         0       0  CODE        2
                intentry                       000004  0007DE  0007E2         8       0  CODE        2
                cstackBANK0                    000020  000032  000052        20       1  BANK0       1
                cstackCOMMON                   000070  00000D  00007D        70       1  COMMON      1
                cstackBANK1                    0000A0  000030  0000D0        A0       1  BANK1       1
                text4                          000A95  00056B  001000      152A       0  CODE        2
                config                         008007  000002  008009     1000E       0  CONFIG      2


UNUSED ADDRESS RANGES

        Name                Unused          Largest block    Delta
        BANK0            00052-0006F              1E           1
        BANK1            000D0-000EF              20           1
        BANK2            00120-0016F              50           1
        BANK3            001A0-001EF              50           1
        BANK4            00220-0026F              50           1
        BANK5            002A0-002EF              50           1
        BIGRAM           02000-021DF             1E0           1
        CODE             00003-00003               1           2
                         007E2-00A94              1E
                         01000-01FFF             800
        COMMON           0007D-0007D               1           1
        CONST            00003-00003               1           2
                         007E2-00A94             100
                         01000-01FFF             100
        EEDATA           0F000-0F0FF             100           2
        ENTRY            00003-00003               1           2
                         007E2-00A94             100
                         01000-01FFF             100
        IDLOC            08000-08003               4           2
        RAM              00052-0006F              1E           1
                         000D0-000EF              20
                         00120-0016F              50
                         001A0-001EF              50
                         00220-0026F              50
                         002A0-002EF              50
        SFR0             00000-0001F              20           1
        SFR1             00080-0009F              20           1
        SFR10            00500-0056F              70           1
        SFR11            00580-005EF              70           1
        SFR12            00600-0066F              70           1
        SFR13            00680-006EF              70           1
        SFR14            00700-0076F              70           1
        SFR15            00780-007EF              70           1
        SFR16            00800-0086F              70           1
        SFR17            00880-008EF              70           1
        SFR18            00900-0096F              70           1
        SFR19            00980-009EF              70           1
        SFR2             00100-0011F              20           1
        SFR20            00A00-00A6F              70           1
        SFR21            00A80-00AEF              70           1
        SFR22            00B00-00B6F              70           1
        SFR23            00B80-00BEF              70           1
        SFR24            00C00-00C6F              70           1
        SFR25            00C80-00CEF              70           1
        SFR26            00D00-00D6F              70           1
        SFR27            00D80-00DEF              70           1
        SFR28            00E00-00E6F              70           1
        SFR29            00E80-00EEF              70           1
        SFR3             00180-0019F              20           1
        SFR30            00F00-00F6F              70           1
        SFR31            00F80-00FEF              70           1
        SFR4             00200-0021F              20           1
        SFR5             00280-0029F              20           1
        SFR6             00300-0036F              70           1
        SFR7             00380-003EF              70           1
        SFR8             00400-0046F              70           1
        SFR9             00480-004EF              70           1
        STACK            02080-021DF             160           1
        STRCODE          00003-00003               1           2
                         007E2-00A94             2B3
                         01000-01FFF            1000
        STRING           00003-00003               1           2
                         007E2-00A94             100
                         01000-01FFF             100

                                  Symbol Table

LCD@A                    cstackBANK1  000B6
LCD@B                    cstackBANK1  000AE
LCD@C                    cstackBANK1  000B0
LCD@D                    cstackBANK1  000B4
LCD@DP                   cstackBANK1  000A0
LCD@E                    cstackBANK1  000B2
LCD@F                    cstackBANK1  000B8
LCD@G                    cstackBANK1  000BC
LCD@H                    cstackBANK1  000A6
LCD@J                    cstackBANK1  000A2
LCD@K                    cstackBANK1  000AC
LCD@M                    cstackBANK1  000BA
LCD@N                    cstackBANK1  000AA
LCD@P                    cstackBANK1  000A4
LCD@Q                    cstackBANK1  000A8
LCD@digit                cstackBANK0  0003E
LCD@value                cstackBANK0  00040
_ANSELA                  (abs)        0018C
_ANSELB                  (abs)        0018D
_ANSELD                  (abs)        0018F
_ANSELE                  (abs)        00190
_GIE                     (abs)        0005F
_INTCON                  (abs)        0000B
_IOCBF                   (abs)        00396
_IOCBF2                  (abs)        01CB2
_IOCBF3                  (abs)        01CB3
_IOCBN2                  (abs)        01CAA
_IOCBN3                  (abs)        01CAB
_IOCBP2                  (abs)        01CA2
_IOCBP3                  (abs)        01CA3
_IOCIE                   (abs)        0005B
_IOCIF                   (abs)        00058
_LCD                     text2        0011A
_LCDCON                  (abs)        00791
_LCDCST                  (abs)        00794
_LCDDATA0                (abs)        007A0
_LCDDATA1                (abs)        007A1
_LCDDATA10               (abs)        007AA
_LCDDATA11               (abs)        007AB
_LCDDATA2                (abs)        007A2
_LCDDATA3                (abs)        007A3
_LCDDATA4                (abs)        007A4
_LCDDATA5                (abs)        007A5
_LCDDATA6                (abs)        007A6
_LCDDATA7                (abs)        007A7
_LCDDATA8                (abs)        007A8
_LCDDATA9                (abs)        007A9
_LCDEN                   (abs)        03C8F
_LCDIE                   (abs)        00492
_LCDIF                   (abs)        00092
_LCDPS                   (abs)        00792
_LCDREF                  (abs)        00793
_LCDRL                   (abs)        00795
_LCDSE0                  (abs)        00798
_LCDSE1                  (abs)        00799
_LCDSE2                  (abs)        0079A
_OSCCON                  (abs)        00099
_PEIE                    (abs)        0005E
_PIE1                    (abs)        00091
_PIE2                    (abs)        00092
_PIE3                    (abs)        00093
_PIR1                    (abs)        00011
_PIR2                    (abs)        00012
_PIR3                    (abs)        00013
_PORTC                   (abs)        0000E
_PORTD                   (abs)        0000F
_PORTE                   (abs)        00010
_RB1                     (abs)        00069
_RB3                     (abs)        0006B
_RC0                     (abs)        00070
_RC1                     (abs)        00071
_RD1                     (abs)        00079
_RD2                     (abs)        0007A
_SEG0COM0                (abs)        03D00
_SEG0COM1                (abs)        03D18
_SEG0COM2                (abs)        03D30
_SEG0COM3                (abs)        03D48
_SEG10COM0               (abs)        03D0A
_SEG10COM1               (abs)        03D22
_SEG10COM3               (abs)        03D52
_SEG11COM0               (abs)        03D0B
_SEG11COM1               (abs)        03D23
_SEG11COM2               (abs)        03D3B
_SEG11COM3               (abs)        03D53
_SEG12COM0               (abs)        03D0C
_SEG12COM1               (abs)        03D24
_SEG12COM2               (abs)        03D3C
_SEG12COM3               (abs)        03D54
_SEG13COM0               (abs)        03D0D
_SEG13COM1               (abs)        03D25
_SEG13COM2               (abs)        03D3D
_SEG13COM3               (abs)        03D55
_SEG14COM0               (abs)        03D0E
_SEG14COM1               (abs)        03D26
_SEG14COM2               (abs)        03D3E
_SEG14COM3               (abs)        03D56
_SEG15COM0               (abs)        03D0F
_SEG15COM1               (abs)        03D27
_SEG15COM2               (abs)        03D3F
_SEG15COM3               (abs)        03D57
_SEG16COM0               (abs)        03D10
_SEG16COM1               (abs)        03D28
_SEG16COM3               (abs)        03D58
_SEG17COM0               (abs)        03D11
_SEG17COM1               (abs)        03D29
_SEG17COM2               (abs)        03D41
_SEG17COM3               (abs)        03D59
_SEG18COM0               (abs)        03D12
_SEG18COM1               (abs)        03D2A
_SEG18COM2               (abs)        03D42
_SEG18COM3               (abs)        03D5A
_SEG19COM0               (abs)        03D13
_SEG19COM1               (abs)        03D2B
_SEG19COM2               (abs)        03D43
_SEG19COM3               (abs)        03D5B
_SEG1COM0                (abs)        03D01
_SEG1COM1                (abs)        03D19
_SEG1COM2                (abs)        03D31
_SEG1COM3                (abs)        03D49
_SEG20COM0               (abs)        03D14
_SEG20COM1               (abs)        03D2C
_SEG20COM2               (abs)        03D44
_SEG20COM3               (abs)        03D5C
_SEG21COM0               (abs)        03D15
_SEG21COM1               (abs)        03D2D
_SEG21COM3               (abs)        03D5D
_SEG22COM0               (abs)        03D16
_SEG22COM1               (abs)        03D2E
_SEG23COM0               (abs)        03D17
_SEG23COM1               (abs)        03D2F
_SEG23COM2               (abs)        03D47
_SEG23COM3               (abs)        03D5F
_SEG2COM0                (abs)        03D02
_SEG2COM1                (abs)        03D1A
_SEG2COM3                (abs)        03D4A
_SEG3COM0                (abs)        03D03
_SEG3COM1                (abs)        03D1B
_SEG3COM3                (abs)        03D4B
_SEG4COM0                (abs)        03D04
_SEG4COM1                (abs)        03D1C
_SEG4COM2                (abs)        03D34
_SEG4COM3                (abs)        03D4C
_SEG5COM0                (abs)        03D05
_SEG5COM1                (abs)        03D1D
_SEG5COM2                (abs)        03D35
_SEG5COM3                (abs)        03D4D
_SEG6COM0                (abs)        03D06
_SEG6COM1                (abs)        03D1E
_SEG6COM2                (abs)        03D36
_SEG6COM3                (abs)        03D4E
_SEG7COM0                (abs)        03D07
_SEG7COM1                (abs)        03D1F
_SEG7COM2                (abs)        03D37
_SEG7COM3                (abs)        03D4F
_SEG8COM0                (abs)        03D08
_SEG8COM1                (abs)        03D20
_SEG8COM2                (abs)        03D38
_SEG8COM3                (abs)        03D50
_SEG9COM0                (abs)        03D09
_SEG9COM1                (abs)        03D21
_SEG9COM2                (abs)        03D39
_SEG9COM3                (abs)        03D51
_TRISA                   (abs)        0008C
_TRISB                   (abs)        0008D
_TRISB1                  (abs)        00469
_TRISB2                  (abs)        0046A
_TRISB3                  (abs)        0046B
_TRISC                   (abs)        0008E
_TRISD                   (abs)        0008F
_TRISE                   (abs)        00090
_TRISE3                  (abs)        00483
_WA                      (abs)        03C94
_WPUE3                   (abs)        01083
__CFG_BOREN$ON           (abs)        00000
__CFG_BORV$LO            (abs)        00000
__CFG_CLKOUTEN$OFF       (abs)        00000
__CFG_CP$OFF             (abs)        00000
__CFG_CPD$OFF            (abs)        00000
__CFG_FCMEN$ON           (abs)        00000
__CFG_FOSC$INTOSC        (abs)        00000
__CFG_IESO$OFF           (abs)        00000
__CFG_LVP$ON             (abs)        00000
__CFG_MCLRE$OFF          (abs)        00000
__CFG_PLLEN$ON           (abs)        00000
__CFG_PWRTE$OFF          (abs)        00000
__CFG_STVREN$ON          (abs)        00000
__CFG_WDTE$OFF           (abs)        00000
__CFG_WRT$OFF            (abs)        00000
__Habs1                  abs1         00000
__Hbank0                 bank0        00000
__Hbank1                 bank1        00000
__Hbank10                bank10       00000
__Hbank11                bank11       00000
__Hbank12                bank12       00000
__Hbank13                bank13       00000
__Hbank14                bank14       00000
__Hbank15                bank15       00000
__Hbank16                bank16       00000
__Hbank17                bank17       00000
__Hbank18                bank18       00000
__Hbank19                bank19       00000
__Hbank2                 bank2        00000
__Hbank20                bank20       00000
__Hbank21                bank21       00000
__Hbank22                bank22       00000
__Hbank23                bank23       00000
__Hbank24                bank24       00000
__Hbank25                bank25       00000
__Hbank26                bank26       00000
__Hbank27                bank27       00000
__Hbank28                bank28       00000
__Hbank29                bank29       00000
__Hbank3                 bank3        00000
__Hbank30                bank30       00000
__Hbank31                bank31       00000
__Hbank4                 bank4        00000
__Hbank5                 bank5        00000
__Hbank6                 bank6        00000
__Hbank7                 bank7        00000
__Hbank8                 bank8        00000
__Hbank9                 bank9        00000
__Hbigram                bigram       00000
__HbssBANK0              bssBANK0     00000
__HbssCOMMON             bssCOMMON    00000
__Hcinit                 cinit        0011A
__Hclrtext               clrtext      00000
__Hcode                  code         00000
__Hcommon                common       00000
__Hconfig                config       08009
__HcstackBANK0           cstackBANK0  00000
__HcstackBANK1           cstackBANK1  00000
__HcstackCOMMON          cstackCOMMON 00000
__Heeprom_data           eeprom_data  00000
__Hend_init              end_init     0010C
__Hfunctab               functab      00000
__Hidloc                 idloc        00000
__Hinit                  init         0010A
__Hintentry              intentry     0010A
__Hmaintext              maintext     00000
__Hpowerup               powerup      00000
__Hram                   ram          00000
__Hreset_vec             reset_vec    00003
__Hsfr0                  sfr0         00000
__Hsfr1                  sfr1         00000
__Hsfr10                 sfr10        00000
__Hsfr11                 sfr11        00000
__Hsfr12                 sfr12        00000
__Hsfr13                 sfr13        00000
__Hsfr14                 sfr14        00000
__Hsfr15                 sfr15        00000
__Hsfr16                 sfr16        00000
__Hsfr17                 sfr17        00000
__Hsfr18                 sfr18        00000
__Hsfr19                 sfr19        00000
__Hsfr2                  sfr2         00000
__Hsfr20                 sfr20        00000
__Hsfr21                 sfr21        00000
__Hsfr22                 sfr22        00000
__Hsfr23                 sfr23        00000
__Hsfr24                 sfr24        00000
__Hsfr25                 sfr25        00000
__Hsfr26                 sfr26        00000
__Hsfr27                 sfr27        00000
__Hsfr28                 sfr28        00000
__Hsfr29                 sfr29        00000
__Hsfr3                  sfr3         00000
__Hsfr30                 sfr30        00000
__Hsfr31                 sfr31        00000
__Hsfr4                  sfr4         00000
__Hsfr5                  sfr5         00000
__Hsfr6                  sfr6         00000
__Hsfr7                  sfr7         00000
__Hsfr8                  sfr8         00000
__Hsfr9                  sfr9         00000
__Hspace_0               (abs)        08009
__Hspace_1               (abs)        000D0
__Hspace_2               (abs)        00000
__Hspace_3               (abs)        00000
__Hstack                 stack        00000
__Hstrings               strings      00000
__Htext                  text         00000
__Labs1                  abs1         00000
__Lbank0                 bank0        00000
__Lbank1                 bank1        00000
__Lbank10                bank10       00000
__Lbank11                bank11       00000
__Lbank12                bank12       00000
__Lbank13                bank13       00000
__Lbank14                bank14       00000
__Lbank15                bank15       00000
__Lbank16                bank16       00000
__Lbank17                bank17       00000
__Lbank18                bank18       00000
__Lbank19                bank19       00000
__Lbank2                 bank2        00000
__Lbank20                bank20       00000
__Lbank21                bank21       00000
__Lbank22                bank22       00000
__Lbank23                bank23       00000
__Lbank24                bank24       00000
__Lbank25                bank25       00000
__Lbank26                bank26       00000
__Lbank27                bank27       00000
__Lbank28                bank28       00000
__Lbank29                bank29       00000
__Lbank3                 bank3        00000
__Lbank30                bank30       00000
__Lbank31                bank31       00000
__Lbank4                 bank4        00000
__Lbank5                 bank5        00000
__Lbank6                 bank6        00000
__Lbank7                 bank7        00000
__Lbank8                 bank8        00000
__Lbank9                 bank9        00000
__Lbigram                bigram       00000
__LbssBANK0              bssBANK0     00000
__LbssCOMMON             bssCOMMON    00000
__Lcinit                 cinit        0010C
__Lclrtext               clrtext      00000
__Lcode                  code         00000
__Lcommon                common       00000
__Lconfig                config       08007
__LcstackBANK0           cstackBANK0  00000
__LcstackBANK1           cstackBANK1  00000
__LcstackCOMMON          cstackCOMMON 00000
__Leeprom_data           eeprom_data  00000
__Lend_init              end_init     0010A
__Lfunctab               functab      00000
__Lidloc                 idloc        00000
__Linit                  init         0010A
__Lintentry              intentry     00004
__Lmaintext              maintext     00000
__Lpowerup               powerup      00000
__Lram                   ram          00000
__Lreset_vec             reset_vec    00000
__Lsfr0                  sfr0         00000
__Lsfr1                  sfr1         00000
__Lsfr10                 sfr10        00000
__Lsfr11                 sfr11        00000
__Lsfr12                 sfr12        00000
__Lsfr13                 sfr13        00000
__Lsfr14                 sfr14        00000
__Lsfr15                 sfr15        00000
__Lsfr16                 sfr16        00000
__Lsfr17                 sfr17        00000
__Lsfr18                 sfr18        00000
__Lsfr19                 sfr19        00000
__Lsfr2                  sfr2         00000
__Lsfr20                 sfr20        00000
__Lsfr21                 sfr21        00000
__Lsfr22                 sfr22        00000
__Lsfr23                 sfr23        00000
__Lsfr24                 sfr24        00000
__Lsfr25                 sfr25        00000
__Lsfr26                 sfr26        00000
__Lsfr27                 sfr27        00000
__Lsfr28                 sfr28        00000
__Lsfr29                 sfr29        00000
__Lsfr3                  sfr3         00000
__Lsfr30                 sfr30        00000
__Lsfr31                 sfr31        00000
__Lsfr4                  sfr4         00000
__Lsfr5                  sfr5         00000
__Lsfr6                  sfr6         00000
__Lsfr7                  sfr7         00000
__Lsfr8                  sfr8         00000
__Lsfr9                  sfr9         00000
__Lspace_0               (abs)        00000
__Lspace_1               (abs)        00000
__Lspace_2               (abs)        00000
__Lspace_3               (abs)        00000
__Lstack                 stack        00000
__Lstrings               strings      00000
__Ltext                  text         00000
__S0                     (abs)        08009
__S1                     (abs)        000D0
__S2                     (abs)        00000
__S3                     (abs)        00000
___int_sp                stack        00000
___latbits               (abs)        00002
___sp                    stack        00000
__end_of_LCD             text2        006AE
__end_of__initialization cinit        00117
__end_of_isr             intentry     0010A
__end_of_lcd_init        text1        007DC
__end_of_main            maintext     007B9
__end_ofi1_LCD           text4        01000
__initialization         cinit        0010C
__pbssBANK0              bssBANK0     00044
__pbssCOMMON             bssCOMMON    00079
__pcstackBANK0           cstackBANK0  00020
__pcstackBANK1           cstackBANK1  000A0
__pcstackCOMMON          cstackCOMMON 00070
__pintentry              intentry     00004
__pmaintext              maintext     006AE
__ptext0                 text0        00000
__ptext1                 text1        007B9
__ptext2                 text2        0011A
__ptext4                 text4        00A95
__size_of_LCD            (abs)        00000
__size_of_isr            (abs)        00000
__size_of_lcd_init       (abs)        00000
__size_of_main           (abs)        00000
__size_ofi1_LCD          (abs)        00000
_disp                    bssBANK0     00044
_index                   bssCOMMON    00079
_isr                     intentry     00004
_lcd_init                text1        007B9
_main                    maintext     006AE
btemp                    (abs)        0007E
clear_ram0               clrtext      007DC
end_of_initialization    cinit        00117
i1LCD@A                  cstackBANK0  00036
i1LCD@B                  cstackBANK0  0002E
i1LCD@C                  cstackBANK0  00030
i1LCD@D                  cstackBANK0  00034
i1LCD@DP                 cstackBANK0  00020
i1LCD@E                  cstackBANK0  00032
i1LCD@F                  cstackBANK0  00038
i1LCD@G                  cstackBANK0  0003C
i1LCD@H                  cstackBANK0  00026
i1LCD@J                  cstackBANK0  00022
i1LCD@K                  cstackBANK0  0002C
i1LCD@M                  cstackBANK0  0003A
i1LCD@N                  cstackBANK0  0002A
i1LCD@P                  cstackBANK0  00024
i1LCD@Q                  cstackBANK0  00028
i1LCD@digit              cstackCOMMON 00070
i1LCD@value              cstackCOMMON 00072
i1_LCD                   text4        00A95
intlevel0                functab      00000
intlevel1                functab      00000
intlevel2                functab      00000
intlevel3                functab      00000
intlevel4                functab      00000
intlevel5                functab      00000
ltemp                    (abs)        0007E
ltemp0                   (abs)        0007E
ltemp1                   (abs)        00082
ltemp2                   (abs)        00086
ltemp3                   (abs)        00080
main@i                   cstackBANK1  000CC
main@j                   cstackBANK1  000C2
main@k                   cstackBANK1  000C6
main@toggle              cstackBANK1  000CA
reset_vec                reset_vec    00000
stackhi                  (abs)        021DF
stacklo                  (abs)        02080
start                    init         0010A
start_initialization     cinit        0010C
ttemp                    (abs)        0007E
ttemp0                   (abs)        0007E
ttemp1                   (abs)        00081
ttemp2                   (abs)        00084
ttemp3                   (abs)        00087
ttemp4                   (abs)        0007F
wtemp                    (abs)        0007E
wtemp0                   (abs)        0007E
wtemp1                   (abs)        00080
wtemp2                   (abs)        00082
wtemp3                   (abs)        00084
wtemp4                   (abs)        00086
wtemp5                   (abs)        00088
wtemp6                   (abs)        0007F


FUNCTION INFORMATION:

 *************** function _main *****************
 Defined at:
		line 364 in file "main.c"
 Parameters:    Size  Location     Type
  argc            2   30[BANK1 ] int 
  argv            2   32[BANK1 ] PTR PTR unsigned char 
 Auto vars:     Size  Location     Type
  i               4   44[BANK1 ] volatile long 
  k               4   38[BANK1 ] volatile long 
  j               4   34[BANK1 ] volatile long 
  toggle          2   42[BANK1 ] int 
 Return value:  Size  Location     Type
                  2   30[BANK1 ] int 
 Registers used:
		wreg, fsr0l, fsr0h, status,2, status,0, pclath, cstack
 Tracked objects:
		On entry : 
		On exit  : 
		Unchanged: 
 Data sizes:     COMMON   BANK0   BANK1   BANK2   BANK3   BANK4   BANK5
      Params:         0       0       4       0       0       0       0
      Locals:         0       0      14       0       0       0       0
      Temps:          0       2       0       0       0       0       0
      Totals:         0       2      18       0       0       0       0
Total ram usage:       20 bytes
 Hardware stack levels required when called:    3
 This function calls:
		_LCD
		_lcd_init
 This function is called by:
		Startup code after reset
 This function uses a non-reentrant model


 *************** function _lcd_init *****************
 Defined at:
		line 60 in file "main.c"
 Parameters:    Size  Location     Type
		None
 Auto vars:     Size  Location     Type
		None
 Return value:  Size  Location     Type
		None               void
 Registers used:
		wreg, status,2
 Tracked objects:
		On entry : 
		On exit  : 
		Unchanged: 
 Data sizes:     COMMON   BANK0   BANK1   BANK2   BANK3   BANK4   BANK5
      Params:         0       0       0       0       0       0       0
      Locals:         0       0       0       0       0       0       0
      Temps:          0       0       0       0       0       0       0
      Totals:         0       0       0       0       0       0       0
Total ram usage:        0 bytes
 Hardware stack levels used:    1
 Hardware stack levels required when called:    2
 This function calls:
		Nothing
 This function is called by:
		_main
 This function uses a non-reentrant model


 *************** function _LCD *****************
 Defined at:
		line 124 in file "main.c"
 Parameters:    Size  Location     Type
  digit           2   30[BANK0 ] int 
  value           2   32[BANK0 ] int 
 Auto vars:     Size  Location     Type
  G               2   28[BANK1 ] short 
  M               2   26[BANK1 ] short 
  F               2   24[BANK1 ] short 
  A               2   22[BANK1 ] short 
  D               2   20[BANK1 ] short 
  E               2   18[BANK1 ] short 
  C               2   16[BANK1 ] short 
  B               2   14[BANK1 ] short 
  K               2   12[BANK1 ] short 
  N               2   10[BANK1 ] short 
  Q               2    8[BANK1 ] short 
  H               2    6[BANK1 ] short 
  P               2    4[BANK1 ] short 
  J               2    2[BANK1 ] short 
  DP              2    0[BANK1 ] short 
 Return value:  Size  Location     Type
		None               void
 Registers used:
		wreg, fsr0l, fsr0h, status,2, status,0
 Tracked objects:
		On entry : 
		On exit  : 
		Unchanged: 
 Data sizes:     COMMON   BANK0   BANK1   BANK2   BANK3   BANK4   BANK5
      Params:         0       4       0       0       0       0       0
      Locals:         0       0      30       0       0       0       0
      Temps:          0       0       0       0       0       0       0
      Totals:         0       4      30       0       0       0       0
Total ram usage:       34 bytes
 Hardware stack levels used:    1
 Hardware stack levels required when called:    2
 This function calls:
		Nothing
 This function is called by:
		_main
 This function uses a non-reentrant model


 *************** function _isr *****************
 Defined at:
		line 292 in file "main.c"
 Parameters:    Size  Location     Type
		None
 Auto vars:     Size  Location     Type
		None
 Return value:  Size  Location     Type
		None               void
 Registers used:
		wreg, fsr0l, fsr0h, fsr1l, fsr1h, status,2, status,0, pclath, cstack
 Tracked objects:
		On entry : 
		On exit  : 
		Unchanged: 
 Data sizes:     COMMON   BANK0   BANK1   BANK2   BANK3   BANK4   BANK5
      Params:         0       0       0       0       0       0       0
      Locals:         0       0       0       0       0       0       0
      Temps:          5       0       0       0       0       0       0
      Totals:         5       0       0       0       0       0       0
Total ram usage:        5 bytes
 Hardware stack levels used:    1
 Hardware stack levels required when called:    1
 This function calls:
		i1_LCD
 This function is called by:
		Interrupt level 1
 This function uses a non-reentrant model


 *************** function i1_LCD *****************
 Defined at:
		line 124 in file "main.c"
 Parameters:    Size  Location     Type
  digit           2    0[COMMON] int 
  value           2    2[COMMON] int 
 Auto vars:     Size  Location     Type
  LCD             2   28[BANK0 ] short 
  LCD             2   26[BANK0 ] short 
  LCD             2   24[BANK0 ] short 
  LCD             2   22[BANK0 ] short 
  LCD             2   20[BANK0 ] short 
  LCD             2   18[BANK0 ] short 
  LCD             2   16[BANK0 ] short 
  LCD             2   14[BANK0 ] short 
  LCD             2   12[BANK0 ] short 
  LCD             2   10[BANK0 ] short 
  LCD             2    8[BANK0 ] short 
  LCD             2    6[BANK0 ] short 
  LCD             2    4[BANK0 ] short 
  LCD             2    2[BANK0 ] short 
  LCD             2    0[BANK0 ] short 
 Return value:  Size  Location     Type
		None               void
 Registers used:
		wreg, fsr0l, fsr0h, status,2, status,0
 Tracked objects:
		On entry : 
		On exit  : 
		Unchanged: 
 Data sizes:     COMMON   BANK0   BANK1   BANK2   BANK3   BANK4   BANK5
      Params:         4       0       0       0       0       0       0
      Locals:         0      30       0       0       0       0       0
      Temps:          0       0       0       0       0       0       0
      Totals:         4      30       0       0       0       0       0
Total ram usage:       34 bytes
 Hardware stack levels used:    1
 This function calls:
		Nothing
 This function is called by:
		_isr
 This function uses a non-reentrant model



MODULE INFORMATION

Module		Function		Class		Link	Load	Size
shared
		i1_LCD         		CODE           	0A95	0000	1388
		__initializatio		CODE           	010C	0000	12

shared estimated size: 1400

main.c
		_LCD           		CODE           	011A	0000	1429
		_main          		CODE           	06AE	0000	268
		_isr           		CODE           	0004	0000	263
		_lcd_init      		CODE           	07B9	0000	36

main.c estimated size: 1996

